[2026-03-17 19:48:31] Action: LoginWithEmail; By: Anonymous
[2026-03-17 19:48:52] Action: RegisterUser; By: ifessssdsassssssssssssszssd; Details: User registered successfully
[2026-03-17 19:48:52] Action: RegisterUser; By: Anonymous
[2026-03-17 19:49:16] Action: LoginWithEmail; By: Anonymous
[2026-03-17 19:49:31] Action: LoginWithEmail; By: Anonymous
[2026-03-17 19:49:48] Action: LoginWithEmail; By: Anonymous
[2026-03-17 19:50:17] Action: log in  ; By: SUPER ADMIN; Details: User logged successfully
[2026-03-17 19:50:17] Action: LoginWithEmail; By: Anonymous
[2026-03-17 19:54:14] Action: log in  ; By: SUPER ADMIN; Details: User logged successfully
[2026-03-17 19:54:14] Action: LoginWithEmail; By: Anonymous
[2026-03-17 20:00:21] Action: RegisterUser; By: aa; Details: User registered successfully
[2026-03-17 20:00:21] Action: RegisterUser; By: Anonymous
[2026-03-17 20:01:19] Action: LoginWithEmail; By: Anonymous
[2026-03-17 20:04:19] Action: LoginWithEmail; By: Anonymous
[2026-03-17 20:04:23] Action: LoginWithEmail; By: Anonymous
[2026-03-17 20:04:34] Action: RegisterUser; By: aaa; Details: User registered successfully
[2026-03-17 20:04:34] Action: RegisterUser; By: Anonymous
[2026-03-17 20:04:39] Action: log in  ; By: aaa; Details: User logged successfully
[2026-03-17 20:04:39] Action: LoginWithEmail; By: Anonymous
[2026-03-17 20:10:57] Action: logout; By: Anonymous
[2026-03-17 20:12:19] Action: logout; By: Anonymous
[2026-03-17 20:12:25] Action: logout; By: Anonymous
[2026-03-17 20:18:36] Action: logout; By: Anonymous
[2026-03-17 20:18:37] Action: logout; By: Anonymous
[2026-03-17 20:27:55] Action: log in  ; By: aaa; Details: User logged successfully
[2026-03-17 20:27:55] Action: LoginWithEmail; By: Anonymous
[2026-03-17 20:28:19] Action: logout; By: Anonymous
[2026-03-17 20:28:21] Action: logout; By: Anonymous
[2026-03-17 20:28:22] Action: logout; By: Anonymous
[2026-03-17 20:28:23] Action: logout; By: Anonymous
[2026-03-17 20:32:34] Action: logout; By: Anonymous
[2026-03-17 20:32:50] Action: logout; By: Anonymous
[2026-03-17 20:34:26] Action: log out  ; By: aaa; Details: User logged successfully
[2026-03-17 20:34:27] Action: logout; By: Anonymous
[2026-03-17 20:50:34] Action: log in  ; By: aaa; Details: User logged successfully
[2026-03-17 20:50:34] Action: LoginWithEmail; By: Anonymous
[2026-03-17 21:05:30] Action: log in  ; By: aaa; Details: User logged successfully
[2026-03-17 21:05:30] Action: LoginWithEmail; By: Anonymous
[2026-03-18 02:02:57] Action: log in  ; By: aaa; Details: User logged successfully
[2026-03-18 02:02:57] Action: LoginWithEmail; By: Anonymous
[2026-03-18 02:13:32] Action: log in  ; By: aaa; Details: User logged successfully
[2026-03-18 02:13:32] Action: LoginWithEmail; By: Anonymous
[2026-03-18 02:14:06] Action: logout; By: Anonymous
